source: fixtures/semantic/deferred/require.php
parse_ok: true
semantic_ok: true
diagnostics:
  - id: N_PHP_RUNTIME_CHECK_DEFERRED
    severity: note
    phase: hir_lowering
    span: 6..22
symbols:
  - function prompt28_after_require
hir_summary:
  statements: 2
  expressions: 5
  types: 1
  const_exprs: 0
  class_likes: 0
  methods: 0
  properties: 0
