source: fixtures/semantic/classes/self-outside-class-invalid.php
parse_ok: true
semantic_ok: false
diagnostics:
  - id: E_PHP_INVALID_CLASS_CONTEXT_NAME
    severity: error
    phase: class_like_validation
    span: 51..55
symbols:
  - function self_outside_fixture
hir_summary:
  statements: 2
  expressions: 5
  types: 1
  const_exprs: 0
  class_likes: 0
  methods: 0
  properties: 0
