source: fixtures/semantic/namespaces/code-before-namespace-invalid.php
parse_ok: true
semantic_ok: false
diagnostics:
  - id: E_PHP_NAMESPACE_MUST_BE_FIRST_STATEMENT
    severity: error
    phase: declaration_collection
    span: 22..36
symbols:
  - function run
hir_summary:
  statements: 2
  expressions: 2
  types: 1
  const_exprs: 0
  class_likes: 0
  methods: 0
  properties: 0
