source: fixtures/semantic/classes/magic-methods-invalid.php
parse_ok: true
semantic_ok: false
diagnostics:
  - id: E_PHP_INVALID_MAGIC_METHOD_SIGNATURE
    severity: error
    phase: class_like_validation
    span: 40..114
  - id: E_PHP_INVALID_MAGIC_METHOD_SIGNATURE
    severity: error
    phase: class_like_validation
    span: 120..196
symbols:
  - class Prompt26MagicInvalid
hir_summary:
  statements: 4
  expressions: 5
  types: 3
  const_exprs: 0
  class_likes: 1
  methods: 2
  properties: 0
