fixture: valid/expressions_postfix.php
roundtrip_ok: true
diagnostics: 0

SOURCE_FILE @0..297
  PHP_BLOCK @0..297
    T_OPEN_TAG @0..6 line=1 text="<?php\n"
    STATEMENT_LIST @6..297
      EXPR_STMT @6..12
        EXPR @6..11
          NAME @6..9
            T_STRING @6..9 line=2 text="foo"
          CALL_EXPR @9..11
            ( @9..10 line=2 text="("
            ) @10..11 line=2 text=")"
        ; @11..12 line=2 text=";"
      T_WHITESPACE @12..13 line=2 text="\n"
      EXPR_STMT @13..18
        EXPR @13..17
          VARIABLE @13..15
            T_VARIABLE @13..15 line=3 text="$f"
          CALL_EXPR @15..17
            ( @15..16 line=3 text="("
            ) @16..17 line=3 text=")"
        ; @17..18 line=3 text=";"
      T_WHITESPACE @18..19 line=3 text="\n"
      EXPR_STMT @19..26
        EXPR @19..25
          PARENTHESIZED_EXPR @19..23
            ( @19..20 line=4 text="("
            EXPR @20..22
              VARIABLE @20..22
                T_VARIABLE @20..22 line=4 text="$f"
            ) @22..23 line=4 text=")"
          CALL_EXPR @23..25
            ( @23..24 line=4 text="("
            ) @24..25 line=4 text=")"
        ; @25..26 line=4 text=";"
      T_WHITESPACE @26..27 line=4 text="\n"
      EXPR_STMT @27..45
        EXPR @27..44
          NAME @27..30
            T_STRING @27..30 line=5 text="foo"
          CALL_EXPR @30..44
            ( @30..31 line=5 text="("
            T_STRING @31..35 line=5 text="name"
            : @35..36 line=5 text=":"
            T_WHITESPACE @36..37 line=5 text=" "
            EXPR @37..43
              VARIABLE @37..43
                T_VARIABLE @37..43 line=5 text="$value"
            ) @43..44 line=5 text=")"
        ; @44..45 line=5 text=";"
      T_WHITESPACE @45..46 line=5 text="\n"
      EXPR_STMT @46..81
        EXPR @46..80
          NAME @46..49
            T_STRING @46..49 line=6 text="foo"
          CALL_EXPR @49..80
            ( @49..50 line=6 text="("
            EXPR @50..65
              NAME @50..56
                T_STRING @50..56 line=6 text="strlen"
              CALL_EXPR @56..65
                ( @56..57 line=6 text="("
                EXPR @57..64
                  STRING @57..64
                    T_CONSTANT_ENCAPSED_STRING @57..64 line=6 text="\"value\""
                ) @64..65 line=6 text=")"
            , @65..66 line=6 text=","
            T_WHITESPACE @66..67 line=6 text=" "
            T_STRING @67..71 line=6 text="name"
            : @71..72 line=6 text=":"
            T_WHITESPACE @72..73 line=6 text=" "
            EXPR @73..79
              VARIABLE @73..79
                T_VARIABLE @73..79 line=6 text="$value"
            ) @79..80 line=6 text=")"
        ; @80..81 line=6 text=";"
      T_WHITESPACE @81..82 line=6 text="\n"
      EXPR_STMT @82..96
        EXPR @82..95
          NAME @82..85
            T_STRING @82..85 line=7 text="foo"
          CALL_EXPR @85..95
            ( @85..86 line=7 text="("
            T_ELLIPSIS @86..89 line=7 text="..."
            EXPR @89..94
              VARIABLE @89..94
                T_VARIABLE @89..94 line=7 text="$args"
            ) @94..95 line=7 text=")"
        ; @95..96 line=7 text=";"
      T_WHITESPACE @96..97 line=7 text="\n"
      EXPR_STMT @97..103
        EXPR @97..102
          VARIABLE @97..99
            T_VARIABLE @97..99 line=8 text="$a"
          ARRAY_DIM_FETCH_EXPR @99..102
            [ @99..100 line=8 text="["
            T_LNUMBER @100..101 line=8 text="0"
            ] @101..102 line=8 text="]"
        ; @102..103 line=8 text=";"
      T_WHITESPACE @103..104 line=8 text="\n"
      EXPR_STMT @104..115
        EXPR @104..114
          VARIABLE @104..108
            T_VARIABLE @104..108 line=9 text="$obj"
          PROPERTY_FETCH_EXPR @108..114
            T_OBJECT_OPERATOR @108..110 line=9 text="->"
            T_STRING @110..114 line=9 text="prop"
        ; @114..115 line=9 text=";"
      T_WHITESPACE @115..116 line=9 text="\n"
      EXPR_STMT @116..128
        EXPR @116..127
          VARIABLE @116..120
            T_VARIABLE @116..120 line=10 text="$obj"
          PROPERTY_FETCH_EXPR @120..127
            T_OBJECT_OPERATOR @120..122 line=10 text="->"
            T_VARIABLE @122..127 line=10 text="$prop"
        ; @127..128 line=10 text=";"
      T_WHITESPACE @128..129 line=10 text="\n"
      EXPR_STMT @129..143
        EXPR @129..142
          VARIABLE @129..133
            T_VARIABLE @129..133 line=11 text="$obj"
          PROPERTY_FETCH_EXPR @133..142
            T_OBJECT_OPERATOR @133..135 line=11 text="->"
            { @135..136 line=11 text="{"
            EXPR @136..141
              VARIABLE @136..141
                T_VARIABLE @136..141 line=11 text="$prop"
            } @141..142 line=11 text="}"
        ; @142..143 line=11 text=";"
      T_WHITESPACE @143..144 line=11 text="\n"
      EXPR_STMT @144..160
        EXPR @144..159
          VARIABLE @144..148
            T_VARIABLE @144..148 line=12 text="$obj"
          PROPERTY_FETCH_EXPR @148..157
            T_NULLSAFE_OBJECT_OPERATOR @148..151 line=12 text="?->"
            T_STRING @151..157 line=12 text="method"
          CALL_EXPR @157..159
            ( @157..158 line=12 text="("
            ) @158..159 line=12 text=")"
        ; @159..160 line=12 text=";"
      T_WHITESPACE @160..161 line=12 text="\n"
      EXPR_STMT @161..169
        EXPR @161..168
          NAME @161..164
            T_STRING @161..164 line=13 text="Foo"
          STATIC_ACCESS_EXPR @164..168
            T_DOUBLE_COLON @164..166 line=13 text="::"
            T_VARIABLE @166..168 line=13 text="$x"
        ; @168..169 line=13 text=";"
      T_WHITESPACE @169..170 line=13 text="\n"
      EXPR_STMT @170..181
        EXPR @170..180
          NAME @170..173
            T_STRING @170..173 line=14 text="Foo"
          STATIC_ACCESS_EXPR @173..180
            T_DOUBLE_COLON @173..175 line=14 text="::"
            T_CLASS @175..180 line=14 text="class"
        ; @180..181 line=14 text=";"
      T_WHITESPACE @181..182 line=14 text="\n"
      EXPR_STMT @182..196
        EXPR @182..195
          NAME @182..185
            T_STRING @182..185 line=15 text="Foo"
          STATIC_ACCESS_EXPR @185..193
            T_DOUBLE_COLON @185..187 line=15 text="::"
            T_STRING @187..193 line=15 text="method"
          CALL_EXPR @193..195
            ( @193..194 line=15 text="("
            ) @194..195 line=15 text=")"
        ; @195..196 line=15 text=";"
      T_WHITESPACE @196..197 line=15 text="\n"
      EXPR_STMT @197..214
        EXPR @197..213
          VARIABLE @197..203
            T_VARIABLE @197..203 line=16 text="$class"
          STATIC_ACCESS_EXPR @203..211
            T_DOUBLE_COLON @203..205 line=16 text="::"
            T_STRING @205..211 line=16 text="method"
          CALL_EXPR @211..213
            ( @211..212 line=16 text="("
            ) @212..213 line=16 text=")"
        ; @213..214 line=16 text=";"
      T_WHITESPACE @214..215 line=16 text="\n"
      EXPR_STMT @215..246
        EXPR @215..245
          VARIABLE @215..219
            T_VARIABLE @215..219 line=17 text="$foo"
          PROPERTY_FETCH_EXPR @219..224
            T_OBJECT_OPERATOR @219..221 line=17 text="->"
            T_STRING @221..224 line=17 text="bar"
          CALL_EXPR @224..226
            ( @224..225 line=17 text="("
            ) @225..226 line=17 text=")"
          ARRAY_DIM_FETCH_EXPR @226..229
            [ @226..227 line=17 text="["
            T_LNUMBER @227..228 line=17 text="0"
            ] @228..229 line=17 text="]"
          PROPERTY_FETCH_EXPR @229..235
            T_NULLSAFE_OBJECT_OPERATOR @229..232 line=17 text="?->"
            T_STRING @232..235 line=17 text="baz"
          STATIC_ACCESS_EXPR @235..240
            T_DOUBLE_COLON @235..237 line=17 text="::"
            T_STRING @237..240 line=17 text="qux"
          CALL_EXPR @240..245
            ( @240..241 line=17 text="("
            T_ELLIPSIS @241..244 line=17 text="..."
            ) @244..245 line=17 text=")"
        ; @245..246 line=17 text=";"
      T_WHITESPACE @246..247 line=17 text="\n"
      EXPR_STMT @247..256
        EXPR @247..255
          VARIABLE @247..253
            T_VARIABLE @247..253 line=18 text="$value"
          POSTFIX_EXPR @253..255
            T_INC @253..255 line=18 text="++"
        ; @255..256 line=18 text=";"
      T_WHITESPACE @256..257 line=18 text="\n"
      EXPR_STMT @257..266
        EXPR @257..265
          PREFIX_EXPR @257..265
            T_DEC @257..259 line=19 text="--"
            EXPR @259..265
              VARIABLE @259..265
                T_VARIABLE @259..265 line=19 text="$value"
        ; @265..266 line=19 text=";"
      T_WHITESPACE @266..267 line=19 text="\n"
      EXPR_STMT @267..281
        EXPR @267..280
          VARIABLE @267..273
            T_VARIABLE @267..273 line=20 text="$items"
          ARRAY_DIM_FETCH_EXPR @273..278
            [ @273..274 line=20 text="["
            T_CONSTANT_ENCAPSED_STRING @274..277 line=20 text="\"x\""
            ] @277..278 line=20 text="]"
          POSTFIX_EXPR @278..280
            T_INC @278..280 line=20 text="++"
        ; @280..281 line=20 text=";"
      T_WHITESPACE @281..282 line=20 text="\n"
      EXPR_STMT @282..296
        EXPR @282..295
          PREFIX_EXPR @282..295
            T_INC @282..284 line=21 text="++"
            EXPR @284..295
              VARIABLE @284..290
                T_VARIABLE @284..290 line=21 text="$items"
              ARRAY_DIM_FETCH_EXPR @290..295
                [ @290..291 line=21 text="["
                T_CONSTANT_ENCAPSED_STRING @291..294 line=21 text="\"x\""
                ] @294..295 line=21 text="]"
        ; @295..296 line=21 text=";"
      T_WHITESPACE @296..297 line=21 text="\n"
