fixture: valid/operator_groups.php
roundtrip_ok: true
diagnostics: 0

SOURCE_FILE @0..369
  PHP_BLOCK @0..369
    T_OPEN_TAG @0..6 line=1 text="<?php\n"
    STATEMENT_LIST @6..369
      EXPR_STMT @6..26
        ASSIGN_EXPR @6..25
          VARIABLE @6..13
            T_VARIABLE @6..13 line=2 text="$prefix"
          T_WHITESPACE @13..14 line=2 text=" "
          = @14..15 line=2 text="="
          BINARY_EXPR @15..25
            T_WHITESPACE @15..16 line=2 text=" "
            PREFIX_EXPR @16..20
              + @16..17 line=2 text="+"
              EXPR @17..20
                VARIABLE @17..19
                  T_VARIABLE @17..19 line=2 text="$a"
                T_WHITESPACE @19..20 line=2 text=" "
            - @20..21 line=2 text="-"
            EXPR @21..25
              T_WHITESPACE @21..22 line=2 text=" "
              PREFIX_EXPR @22..25
                - @22..23 line=2 text="-"
                EXPR @23..25
                  VARIABLE @23..25
                    T_VARIABLE @23..25 line=2 text="$b"
        ; @25..26 line=2 text=";"
      T_WHITESPACE @26..27 line=2 text="\n"
      EXPR_STMT @27..49
        ASSIGN_EXPR @27..48
          VARIABLE @27..31
            T_VARIABLE @27..31 line=3 text="$pow"
          T_WHITESPACE @31..32 line=3 text=" "
          = @32..33 line=3 text="="
          BINARY_EXPR @33..48
            T_WHITESPACE @33..34 line=3 text=" "
            VARIABLE @34..36
              T_VARIABLE @34..36 line=3 text="$a"
            T_WHITESPACE @36..37 line=3 text=" "
            T_POW @37..39 line=3 text="**"
            BINARY_EXPR @39..48
              T_WHITESPACE @39..40 line=3 text=" "
              VARIABLE @40..42
                T_VARIABLE @40..42 line=3 text="$b"
              T_WHITESPACE @42..43 line=3 text=" "
              T_POW @43..45 line=3 text="**"
              EXPR @45..48
                T_WHITESPACE @45..46 line=3 text=" "
                VARIABLE @46..48
                  T_VARIABLE @46..48 line=3 text="$c"
        ; @48..49 line=3 text=";"
      T_WHITESPACE @49..50 line=3 text="\n"
      EXPR_STMT @50..86
        ASSIGN_EXPR @50..85
          VARIABLE @50..55
            T_VARIABLE @50..55 line=4 text="$math"
          T_WHITESPACE @55..56 line=4 text=" "
          = @56..57 line=4 text="="
          BINARY_EXPR @57..85
            T_WHITESPACE @57..58 line=4 text=" "
            VARIABLE @58..60
              T_VARIABLE @58..60 line=4 text="$a"
            T_WHITESPACE @60..61 line=4 text=" "
            * @61..62 line=4 text="*"
            EXPR @62..66
              T_WHITESPACE @62..63 line=4 text=" "
              VARIABLE @63..65
                T_VARIABLE @63..65 line=4 text="$b"
              T_WHITESPACE @65..66 line=4 text=" "
            / @66..67 line=4 text="/"
            EXPR @67..71
              T_WHITESPACE @67..68 line=4 text=" "
              VARIABLE @68..70
                T_VARIABLE @68..70 line=4 text="$c"
              T_WHITESPACE @70..71 line=4 text=" "
            % @71..72 line=4 text="%"
            EXPR @72..76
              T_WHITESPACE @72..73 line=4 text=" "
              VARIABLE @73..75
                T_VARIABLE @73..75 line=4 text="$d"
              T_WHITESPACE @75..76 line=4 text=" "
            + @76..77 line=4 text="+"
            EXPR @77..81
              T_WHITESPACE @77..78 line=4 text=" "
              VARIABLE @78..80
                T_VARIABLE @78..80 line=4 text="$e"
              T_WHITESPACE @80..81 line=4 text=" "
            - @81..82 line=4 text="-"
            EXPR @82..85
              T_WHITESPACE @82..83 line=4 text=" "
              VARIABLE @83..85
                T_VARIABLE @83..85 line=4 text="$f"
        ; @85..86 line=4 text=";"
      T_WHITESPACE @86..87 line=4 text="\n"
      EXPR_STMT @87..105
        ASSIGN_EXPR @87..104
          VARIABLE @87..94
            T_VARIABLE @87..94 line=5 text="$concat"
          T_WHITESPACE @94..95 line=5 text=" "
          = @95..96 line=5 text="="
          BINARY_EXPR @96..104
            T_WHITESPACE @96..97 line=5 text=" "
            VARIABLE @97..99
              T_VARIABLE @97..99 line=5 text="$a"
            T_WHITESPACE @99..100 line=5 text=" "
            . @100..101 line=5 text="."
            EXPR @101..104
              T_WHITESPACE @101..102 line=5 text=" "
              VARIABLE @102..104
                T_VARIABLE @102..104 line=5 text="$b"
        ; @104..105 line=5 text=";"
      T_WHITESPACE @105..106 line=5 text="\n"
      EXPR_STMT @106..130
        ASSIGN_EXPR @106..129
          VARIABLE @106..112
            T_VARIABLE @106..112 line=6 text="$shift"
          T_WHITESPACE @112..113 line=6 text=" "
          = @113..114 line=6 text="="
          BINARY_EXPR @114..129
            T_WHITESPACE @114..115 line=6 text=" "
            VARIABLE @115..117
              T_VARIABLE @115..117 line=6 text="$a"
            T_WHITESPACE @117..118 line=6 text=" "
            T_SL @118..120 line=6 text="<<"
            EXPR @120..124
              T_WHITESPACE @120..121 line=6 text=" "
              VARIABLE @121..123
                T_VARIABLE @121..123 line=6 text="$b"
              T_WHITESPACE @123..124 line=6 text=" "
            T_SR @124..126 line=6 text=">>"
            EXPR @126..129
              T_WHITESPACE @126..127 line=6 text=" "
              VARIABLE @127..129
                T_VARIABLE @127..129 line=6 text="$c"
        ; @129..130 line=6 text=";"
      T_WHITESPACE @130..131 line=6 text="\n"
      EXPR_STMT @131..150
        ASSIGN_EXPR @131..149
          VARIABLE @131..139
            T_VARIABLE @131..139 line=7 text="$compare"
          T_WHITESPACE @139..140 line=7 text=" "
          = @140..141 line=7 text="="
          BINARY_EXPR @141..149
            T_WHITESPACE @141..142 line=7 text=" "
            VARIABLE @142..144
              T_VARIABLE @142..144 line=7 text="$a"
            T_WHITESPACE @144..145 line=7 text=" "
            < @145..146 line=7 text="<"
            EXPR @146..149
              T_WHITESPACE @146..147 line=7 text=" "
              VARIABLE @147..149
                T_VARIABLE @147..149 line=7 text="$b"
        ; @149..150 line=7 text=";"
      T_WHITESPACE @150..151 line=7 text="\n"
      EXPR_STMT @151..187
        ASSIGN_EXPR @151..186
          VARIABLE @151..162
            T_VARIABLE @151..162 line=8 text="$type_check"
          T_WHITESPACE @162..163 line=8 text=" "
          = @163..164 line=8 text="="
          BINARY_EXPR @164..186
            T_WHITESPACE @164..165 line=8 text=" "
            VARIABLE @165..167
              T_VARIABLE @165..167 line=8 text="$a"
            T_WHITESPACE @167..168 line=8 text=" "
            T_INSTANCEOF @168..178 line=8 text="instanceof"
            EXPR @178..186
              T_WHITESPACE @178..179 line=8 text=" "
              NAME @179..186
                T_NAME_QUALIFIED @179..186 line=8 text="Foo\\Bar"
        ; @186..187 line=8 text=";"
      T_WHITESPACE @187..188 line=8 text="\n"
      EXPR_STMT @188..211
        ASSIGN_EXPR @188..210
          VARIABLE @188..198
            T_VARIABLE @188..198 line=9 text="$spaceship"
          T_WHITESPACE @198..199 line=9 text=" "
          = @199..200 line=9 text="="
          BINARY_EXPR @200..210
            T_WHITESPACE @200..201 line=9 text=" "
            VARIABLE @201..203
              T_VARIABLE @201..203 line=9 text="$a"
            T_WHITESPACE @203..204 line=9 text=" "
            T_SPACESHIP @204..207 line=9 text="<=>"
            EXPR @207..210
              T_WHITESPACE @207..208 line=9 text=" "
              VARIABLE @208..210
                T_VARIABLE @208..210 line=9 text="$b"
        ; @210..211 line=9 text=";"
      T_WHITESPACE @211..212 line=9 text="\n"
      EXPR_STMT @212..247
        ASSIGN_EXPR @212..246
          VARIABLE @212..221
            T_VARIABLE @212..221 line=10 text="$equality"
          T_WHITESPACE @221..222 line=10 text=" "
          = @222..223 line=10 text="="
          BINARY_EXPR @223..246
            T_WHITESPACE @223..224 line=10 text=" "
            VARIABLE @224..226
              T_VARIABLE @224..226 line=10 text="$a"
            T_WHITESPACE @226..227 line=10 text=" "
            T_IS_IDENTICAL @227..230 line=10 text="==="
            EXPR @230..234
              T_WHITESPACE @230..231 line=10 text=" "
              VARIABLE @231..233
                T_VARIABLE @231..233 line=10 text="$b"
              T_WHITESPACE @233..234 line=10 text=" "
            T_BOOLEAN_OR @234..236 line=10 text="||"
            BINARY_EXPR @236..246
              T_WHITESPACE @236..237 line=10 text=" "
              VARIABLE @237..239
                T_VARIABLE @237..239 line=10 text="$a"
              T_WHITESPACE @239..240 line=10 text=" "
              T_IS_NOT_IDENTICAL @240..243 line=10 text="!=="
              EXPR @243..246
                T_WHITESPACE @243..244 line=10 text=" "
                VARIABLE @244..246
                  T_VARIABLE @244..246 line=10 text="$c"
        ; @246..247 line=10 text=";"
      T_WHITESPACE @247..248 line=10 text="\n"
      EXPR_STMT @248..278
        ASSIGN_EXPR @248..277
          VARIABLE @248..253
            T_VARIABLE @248..253 line=11 text="$bits"
          T_WHITESPACE @253..254 line=11 text=" "
          = @254..255 line=11 text="="
          BINARY_EXPR @255..277
            T_WHITESPACE @255..256 line=11 text=" "
            PARENTHESIZED_EXPR @256..265
              ( @256..257 line=11 text="("
              BINARY_EXPR @257..264
                VARIABLE @257..259
                  T_VARIABLE @257..259 line=11 text="$a"
                T_WHITESPACE @259..260 line=11 text=" "
                T_AMPERSAND_FOLLOWED_BY_VAR_OR_VARARG @260..261 line=11 text="&"
                EXPR @261..264
                  T_WHITESPACE @261..262 line=11 text=" "
                  VARIABLE @262..264
                    T_VARIABLE @262..264 line=11 text="$b"
              ) @264..265 line=11 text=")"
            T_WHITESPACE @265..266 line=11 text=" "
            ^ @266..267 line=11 text="^"
            EXPR @267..277
              T_WHITESPACE @267..268 line=11 text=" "
              PARENTHESIZED_EXPR @268..277
                ( @268..269 line=11 text="("
                BINARY_EXPR @269..276
                  VARIABLE @269..271
                    T_VARIABLE @269..271 line=11 text="$c"
                  T_WHITESPACE @271..272 line=11 text=" "
                  | @272..273 line=11 text="|"
                  EXPR @273..276
                    T_WHITESPACE @273..274 line=11 text=" "
                    VARIABLE @274..276
                      T_VARIABLE @274..276 line=11 text="$d"
                ) @276..277 line=11 text=")"
        ; @277..278 line=11 text=";"
      T_WHITESPACE @278..279 line=11 text="\n"
      EXPR_STMT @279..304
        ASSIGN_EXPR @279..303
          VARIABLE @279..285
            T_VARIABLE @279..285 line=12 text="$logic"
          T_WHITESPACE @285..286 line=12 text=" "
          = @286..287 line=12 text="="
          BINARY_EXPR @287..303
            T_WHITESPACE @287..288 line=12 text=" "
            PREFIX_EXPR @288..292
              ! @288..289 line=12 text="!"
              EXPR @289..292
                VARIABLE @289..291
                  T_VARIABLE @289..291 line=12 text="$a"
                T_WHITESPACE @291..292 line=12 text=" "
            T_BOOLEAN_AND @292..294 line=12 text="&&"
            EXPR @294..298
              T_WHITESPACE @294..295 line=12 text=" "
              VARIABLE @295..297
                T_VARIABLE @295..297 line=12 text="$b"
              T_WHITESPACE @297..298 line=12 text=" "
            T_BOOLEAN_OR @298..300 line=12 text="||"
            EXPR @300..303
              T_WHITESPACE @300..301 line=12 text=" "
              VARIABLE @301..303
                T_VARIABLE @301..303 line=12 text="$c"
        ; @303..304 line=12 text=";"
      T_WHITESPACE @304..305 line=12 text="\n"
      EXPR_STMT @305..340
        ASSIGN_EXPR @305..339
          VARIABLE @305..314
            T_VARIABLE @305..314 line=13 text="$keywords"
          T_WHITESPACE @314..315 line=13 text=" "
          = @315..316 line=13 text="="
          BINARY_EXPR @316..339
            T_WHITESPACE @316..317 line=13 text=" "
            VARIABLE @317..319
              T_VARIABLE @317..319 line=13 text="$a"
            T_WHITESPACE @319..320 line=13 text=" "
            T_LOGICAL_AND @320..323 line=13 text="and"
            EXPR @323..327
              T_WHITESPACE @323..324 line=13 text=" "
              VARIABLE @324..326
                T_VARIABLE @324..326 line=13 text="$b"
              T_WHITESPACE @326..327 line=13 text=" "
            T_LOGICAL_XOR @327..330 line=13 text="xor"
            EXPR @330..334
              T_WHITESPACE @330..331 line=13 text=" "
              VARIABLE @331..333
                T_VARIABLE @331..333 line=13 text="$c"
              T_WHITESPACE @333..334 line=13 text=" "
            T_LOGICAL_OR @334..336 line=13 text="or"
            EXPR @336..339
              T_WHITESPACE @336..337 line=13 text=" "
              VARIABLE @337..339
                T_VARIABLE @337..339 line=13 text="$d"
        ; @339..340 line=13 text=";"
      T_WHITESPACE @340..341 line=13 text="\n"
      EXPR_STMT @341..368
        ASSIGN_EXPR @341..367
          VARIABLE @341..350
            T_VARIABLE @341..350 line=14 text="$coalesce"
          T_WHITESPACE @350..351 line=14 text=" "
          = @351..352 line=14 text="="
          BINARY_EXPR @352..367
            T_WHITESPACE @352..353 line=14 text=" "
            VARIABLE @353..355
              T_VARIABLE @353..355 line=14 text="$a"
            T_WHITESPACE @355..356 line=14 text=" "
            T_COALESCE @356..358 line=14 text="??"
            BINARY_EXPR @358..367
              T_WHITESPACE @358..359 line=14 text=" "
              VARIABLE @359..361
                T_VARIABLE @359..361 line=14 text="$b"
              T_WHITESPACE @361..362 line=14 text=" "
              T_COALESCE @362..364 line=14 text="??"
              EXPR @364..367
                T_WHITESPACE @364..365 line=14 text=" "
                VARIABLE @365..367
                  T_VARIABLE @365..367 line=14 text="$c"
        ; @367..368 line=14 text=";"
      T_WHITESPACE @368..369 line=14 text="\n"
